# 使用压测工具（wrk或sb），演练gateway-server-0.0.1-SNAPSHOT.jar 示例。


启动参数如下
`java -jar -Xms1g -Xmx1g -XX:+PrintGCDetails -XX:+UnlockCommercialFeatures -XX:+FlightRecorder -Dcom.sun.management.jmxremote.port=7001 -Dcom.sun.management.jmxremote=true -Dcom.sun.management.jmxremote.port=7001 -Dcom.sun.management.jmxremote.authenticate=false -Dcom.sun.management.jmxremote.ssl=false -Djava.rmi.server.hostname=localhost gateway-server-0.0.1-SNAPSHOT.jar `

```
 .   ____          _            __ _ _
 /\\ / ___'_ __ _ _(_)_ __  __ _ \ \ \ \
( ( )\___ | '_ | '_| | '_ \/ _` | \ \ \ \
 \\/  ___)| |_)| | | | | || (_| |  ) ) ) )
  '  |____| .__|_| |_|_| |_\__, | / / / /
 =========|_|==============|___/=/_/_/_/
 :: Spring Boot ::        (v2.0.4.RELEASE)

[GC (Metadata GC Threshold) [PSYoungGen: 241181K->11524K(305664K)] 241181K->11540K(1005056K), 0.0103242 secs] [Times: user=0.04 sys=0.01, real=0.01 secs] 
[Full GC (Metadata GC Threshold) [PSYoungGen: 11524K->0K(305664K)] [ParOldGen: 16K->10891K(699392K)] 11540K->10891K(1005056K), [Metaspace: 20532K->20532K(1067008K)], 0.0307564 secs] [Times: user=0.12 sys=0.01, real=0.04 secs] 
[GC (Allocation Failure) [PSYoungGen: 262144K->12746K(305664K)] 273035K->23709K(1005056K), 0.0098056 secs] [Times: user=0.03 sys=0.01, real=0.00 secs] 
[GC (Metadata GC Threshold) [PSYoungGen: 129518K->13641K(305664K)] 140481K->24612K(1005056K), 0.0077280 secs] [Times: user=0.04 sys=0.00, real=0.01 secs] 
[Full GC (Metadata GC Threshold) [PSYoungGen: 13641K->0K(305664K)] [ParOldGen: 10971K->18345K(699392K)] 24612K->18345K(1005056K), [Metaspace: 34011K->34011K(1079296K)], 0.0530257 secs] [Times: user=0.22 sys=0.01, real=0.05 secs] 

>以上是压测前GC情况，一进行压测，就开始频繁GC

[GC (Allocation Failure) [PSYoungGen: 262144K->10230K(305664K)] 280489K->28583K(1005056K), 0.0072184 secs] [Times: user=0.03 sys=0.00, real=0.01 secs] 
[GC (Allocation Failure) [PSYoungGen: 272374K->8433K(305664K)] 290727K->26794K(1005056K), 0.0054404 secs] [Times: user=0.03 sys=0.00, real=0.00 secs] 
[GC (Allocation Failure) [PSYoungGen: 270577K->8433K(333824K)] 288938K->26802K(1033216K), 0.0058150 secs] [Times: user=0.03 sys=0.01, real=0.00 secs] 
[GC (Allocation Failure) [PSYoungGen: 326897K->8529K(333824K)] 345266K->26906K(1033216K), 0.0057115 secs] [Times: user=0.02 sys=0.01, real=0.01 secs] 
[GC (Allocation Failure) [PSYoungGen: 326993K->8625K(333824K)] 345370K->27010K(1033216K), 0.0041977 secs] [Times: user=0.01 sys=0.00, real=0.00 secs] 
[GC (Allocation Failure) [PSYoungGen: 327089K->8577K(333824K)] 345474K->26970K(1033216K), 0.0038012 secs] [Times: user=0.02 sys=0.00, real=0.01 secs] 
[GC (Allocation Failure) [PSYoungGen: 327041K->8673K(334336K)] 345434K->27074K(1033728K), 0.0087117 secs] [Times: user=0.03 sys=0.00, real=0.00 secs] 
[GC (Allocation Failure) [PSYoungGen: 328161K->8641K(334336K)] 346562K->27050K(1033728K), 0.0145099 secs] [Times: user=0.04 sys=0.00, real=0.01 secs] 
[GC (Allocation Failure) [PSYoungGen: 328129K->8641K(334848K)] 346538K->27058K(1034240K), 0.0089413 secs] [Times: user=0.04 sys=0.00, real=0.01 secs] 
[GC (Allocation Failure) [PSYoungGen: 329153K->8593K(334848K)] 347570K->27018K(1034240K), 0.0041943 secs] [Times: user=0.02 sys=0.00, real=0.01 secs] 
[GC (Allocation Failure) [PSYoungGen: 329105K->8641K(335360K)] 347530K->27066K(1034752K), 0.0053790 secs] [Times: user=0.03 sys=0.00, real=0.00 secs] 
[GC (Allocation Failure) [PSYoungGen: 330177K->8657K(335360K)] 348602K->27090K(1034752K), 0.0081986 secs] [Times: user=0.02 sys=0.00, real=0.01 secs] 
[GC (Allocation Failure) [PSYoungGen: 330193K->8657K(335872K)] 348626K->27090K(

```

压测数据如下
```
lusudongdeMacBook-Pro:atlantis lusudong$ wrk -t8 -c40 -d60s --latency http://localhost:8088/api/hello
Running 1m test @ http://localhost:8088/api/hello
  8 threads and 40 connections
  Thread Stats   Avg      Stdev     Max   +/- Stdev
    Latency     9.92ms   34.64ms 467.13ms   93.36%
    Req/Sec     4.39k     1.64k    9.33k    71.77%
  Latency Distribution
     50%    0.91ms =》50%连接在延迟在0.91ms
     75%    1.41ms
     90%   10.32ms
     99%  179.99ms
  2044278 requests in 1.00m, 244.07MB read （60秒内共处理完成了2044278个请求，读取了244.07MBMB数据）
Requests/sec:  34052.93 （平均每秒处理完成34052个请求）
Transfer/sec:      4.07MB （平均每秒读取数据4.07MB）

```
Avg：平均值
Stdev：标准差
Max：最大值
+/- Stdev：正负一个标准差所占比例

Latency ：延迟
Req/Sec ：每妙处理中的请求数  

Latency Distribution：延迟分布